[LOG]  Custom error message
[ERROR]  404: directory not found
Program terminated due to error
