[LOG]  Simple command
[OUT]  Hello

[LOG]  Simple log message
[OUT]  js

[LOG]  Shell evaluated value
[OUT]  v10

[LOG]  Deep nested value
[OUT]  Ryan Dahl

Script executed
